2026-09-16 04:16:51.601: [INFO] CurrentProfilePath: M:\JAVA.PROGRAM\EmployeeManagement\.metadata\.plugins\org.eclipse.swt\EBWebView\Default
2026-09-16 04:16:51.601: [INFO] Profiles total count: 1
2026-09-16 04:16:51.601: [INFO] Profile: name=Profile 1 path=M:\JAVA.PROGRAM\EmployeeManagement\.metadata\.plugins\org.eclipse.swt\EBWebView\Default lastActive=null
2026-09-16 04:16:51.601: [INFO] LastUsedProfileDir: M:\JAVA.PROGRAM\EmployeeManagement\.metadata\.plugins\org.eclipse.swt\EBWebView\Default
2026-09-16 04:16:51.601: [INFO] OnDoneLoading sync enabled: 0
2026-09-16 04:16:51.601: [INFO] BookmarkModelLoaded, ids_reassigned: 0
2026-09-16 04:16:51.601: [INFO] BookmarksLoadDropped droppedNodes=0
2026-09-16 04:16:51.601: [INFO] BookmarksSnapshot Startup total=0 bar=0 other=0 mobile=0 showBar=0 showBarNTP=1
2026-09-16 04:17:05.766: [INFO] BookmarksSnapshot Shutdown total=0 bar=0 other=0 mobile=0 showBar=0 showBarNTP=1
2026-09-16 04:17:06.241: [INFO] CurrentProfilePath: M:\JAVA.PROGRAM\EmployeeManagement\.metadata\.plugins\org.eclipse.swt\EBWebView\Default
2026-09-16 04:17:06.241: [INFO] Profiles total count: 1
2026-09-16 04:17:06.241: [INFO] Profile: name=Profile 1 path=M:\JAVA.PROGRAM\EmployeeManagement\.metadata\.plugins\org.eclipse.swt\EBWebView\Default lastActive=2026-09-16T04:16:56.032Z
2026-09-16 04:17:06.241: [INFO] LastUsedProfileDir: M:\JAVA.PROGRAM\EmployeeManagement\.metadata\.plugins\org.eclipse.swt\EBWebView\Default
2026-09-16 04:17:06.241: [INFO] MostRecentlyActiveProfile: name=Profile 1 path=M:\JAVA.PROGRAM\EmployeeManagement\.metadata\.plugins\org.eclipse.swt\EBWebView\Default lastActive=2026-09-16T04:16:56.032Z
2026-09-16 04:17:06.241: [INFO] OnDoneLoading sync enabled: 0
2026-09-16 04:17:06.241: [INFO] BookmarkModelLoaded, ids_reassigned: 0
2026-09-16 04:17:06.241: [INFO] BookmarksLoadDropped droppedNodes=0
2026-09-16 04:17:06.241: [INFO] BookmarksSnapshot Startup total=0 bar=0 other=0 mobile=0 showBar=0 showBarNTP=1
2026-09-16 04:21:44.306: [INFO] BookmarksSnapshot Shutdown total=0 bar=0 other=0 mobile=0 showBar=0 showBarNTP=1
2026-09-16 04:22:20.713: [INFO] CurrentProfilePath: M:\JAVA.PROGRAM\EmployeeManagement\.metadata\.plugins\org.eclipse.swt\EBWebView\Default
2026-09-16 04:22:20.713: [INFO] Profiles total count: 1
2026-09-16 04:22:20.713: [INFO] Profile: name=Profile 1 path=M:\JAVA.PROGRAM\EmployeeManagement\.metadata\.plugins\org.eclipse.swt\EBWebView\Default lastActive=2026-09-16T04:21:24.847Z
2026-09-16 04:22:20.713: [INFO] LastUsedProfileDir: M:\JAVA.PROGRAM\EmployeeManagement\.metadata\.plugins\org.eclipse.swt\EBWebView\Default
2026-09-16 04:22:20.713: [INFO] MostRecentlyActiveProfile: name=Profile 1 path=M:\JAVA.PROGRAM\EmployeeManagement\.metadata\.plugins\org.eclipse.swt\EBWebView\Default lastActive=2026-09-16T04:21:24.847Z
2026-09-16 04:22:20.713: [INFO] OnDoneLoading sync enabled: 0
2026-09-16 04:22:20.713: [INFO] BookmarkModelLoaded, ids_reassigned: 0
2026-09-16 04:22:20.713: [INFO] BookmarksLoadDropped droppedNodes=0
2026-09-16 04:22:20.713: [INFO] BookmarksSnapshot Startup total=0 bar=0 other=0 mobile=0 showBar=0 showBarNTP=1
2026-09-16 04:25:11.967: [INFO] BookmarksSnapshot Shutdown total=0 bar=0 other=0 mobile=0 showBar=0 showBarNTP=1
2026-09-16 04:27:22.454: [INFO] CurrentProfilePath: M:\JAVA.PROGRAM\EmployeeManagement\.metadata\.plugins\org.eclipse.swt\EBWebView\Default
2026-09-16 04:27:22.454: [INFO] Profiles total count: 1
2026-09-16 04:27:22.454: [INFO] Profile: name=Profile 1 path=M:\JAVA.PROGRAM\EmployeeManagement\.metadata\.plugins\org.eclipse.swt\EBWebView\Default lastActive=2026-09-16T04:23:34.541Z
2026-09-16 04:27:22.454: [INFO] LastUsedProfileDir: M:\JAVA.PROGRAM\EmployeeManagement\.metadata\.plugins\org.eclipse.swt\EBWebView\Default
2026-09-16 04:27:22.454: [INFO] MostRecentlyActiveProfile: name=Profile 1 path=M:\JAVA.PROGRAM\EmployeeManagement\.metadata\.plugins\org.eclipse.swt\EBWebView\Default lastActive=2026-09-16T04:23:34.541Z
2026-09-16 04:27:22.454: [INFO] OnDoneLoading sync enabled: 0
2026-09-16 04:27:22.454: [INFO] BookmarkModelLoaded, ids_reassigned: 0
2026-09-16 04:27:22.454: [INFO] BookmarksLoadDropped droppedNodes=0
2026-09-16 04:27:22.454: [INFO] BookmarksSnapshot Startup total=0 bar=0 other=0 mobile=0 showBar=0 showBarNTP=1
2026-09-16 04:27:46.125: [INFO] BookmarksSnapshot Shutdown total=0 bar=0 other=0 mobile=0 showBar=0 showBarNTP=1
